// Jest Snapshot v1, https://goo.gl/fbAQLP

exports[`proparly renders the Alert Component 1`] = `[Function]`;
