// Jest Snapshot v1, https://goo.gl/fbAQLP

exports[`proparly renders the ContactUs component 1`] = `
<div
  className="flex flex-col items-center w-full pb-10"
>
  <h1
    className="text-center mt-10 text-7xl text-highlight"
  >
    contactus.ContactUs
  </h1>
  <p
    className="text-center mt-12 text-primary"
  >
    contactus.houseWithoutFlower
  </p>
  <p
    className="text-center text-primary"
  >
    contactus.sendUsurNote
  </p>
  <form
    action="#"
    className="flex flex-col items-center w-4/6"
  >
    <div
      className="flex flex-col justify-between w-full mt-10 lg:flex-row"
    >
      <div
        className="flex flex-col"
      >
        <label
          className="pl-1.5 text-primary text-xl mb-1"
          htmlFor="FullName"
        >
          contactus.Fullname
        </label>
        <input
          className="border border-primary placeholder-primary rounded-2xl h-11 w-full lg:w-56 bg-secondary placeholder-opacity-100 pl-1.5 box-border outline-none"
          id="FullName"
          placeholder="contactus.Fullname"
          type="text"
        />
      </div>
      <div
        className="flex flex-col"
      >
        <label
          className="pl-1.5 text-primary text-xl mb-1"
          htmlFor="email"
        >
          contactus.Email
        </label>
        <input
          className="border border-primary placeholder-primary rounded-2xl h-11 w-full lg:w-56 bg-secondary placeholder-opacity-100 pl-1.5 box-border outline-none"
          id="email"
          placeholder="contactus.Email"
          type="email"
        />
      </div>
      <div
        className="flex flex-col"
      >
        <label
          className="pl-1.5 text-primary text-xl mb-1"
          htmlFor="phoneNumber"
        >
          contactus.Phone
        </label>
        <input
          className="border border-primary placeholder-primary rounded-2xl h-11 w-full lg:w-56 bg-secondary placeholder-opacity-100 pl-1.5 box-border outline-none"
          id="phoneNumber"
          placeholder="contactus.Phone"
          type="tel"
        />
      </div>
    </div>
    <textarea
      className="border border-primary placeholder-primary mt-5 rounded-2xl resize-none bg-secondary placeholder-opacity-100 pl-1.5 pt-1 box-border outline-none w-full"
      name="message"
      placeholder="contactus.Help"
      rows="10"
    />
    <button
      className="mt-5 rounded-2xl w-28 h-10 text-primary bg-highlight active:bg-primary active:text-highlight font-medium"
      type="submit"
    >
      contactus.Send
    </button>
  </form>
</div>
`;
