// Jest Snapshot v1, https://goo.gl/fbAQLP

exports[`proparly renders the Hero component 1`] = `
<div
  className="bg-white w-80 md:w-96 h-96 mb-10 md:mb-32"
>
  <img
    alt="paw"
    className="right-0 absolute z-0"
    src="/paw.png"
  />
  <div
    className=" flex flex-row absolute z-1 opacity-0 md:opacity-100"
  >
    <img
      alt="cat"
      src="/cat.png"
    />
  </div>
  <div
    className=" text-center mt-32 z-20 right-0 absolute tracking-widest text-xl md:text-3xl px-0 md:px-20 z-4"
  >
    <p
      className="font-black uppercase text-primary text-5xl mb-8 "
    >
      Make a pet happy
    </p>
    <p
      className="font-black uppercase text-primary mb-8 "
    >
      Adopt Now!
    </p>
    <button
      className=" py-2  px-20 font-semibold text-primary bg-highlight hover:bg-darken"
      type="button"
    >
      Go to Adoption page
       
    </button>
  </div>
</div>
`;
